
> mdlbeast-archive-frontend@1.0.0 build
> next build

ΓÜá Specified "headers" will not automatically work with "output: export". See more info here: https://nextjs.org/docs/messages/export-no-custom-routes
Γû▓ Next.js 16.1.1 (Turbopack)
- Environments: .env.local, .env.production

  Creating an optimized production build ...
ΓÜá Specified "headers" will not automatically work with "output: export". See more info here: https://nextjs.org/docs/messages/export-no-custom-routes
Γ£ô Compiled successfully in 5.7s
  Running TypeScript ...
Failed to compile.

./components/AdminBackups.tsx:282:77
Type error: Property 'getTenants' does not exist on type 'ApiClient'.

  280 |                 try {
  281 |                     const [docs, tenants, users, auditLogs, projects, invoices] = await Promise.all([
> 282 |                         apiClient.getDocuments().catch(() => []), apiClient.getTenants().catch(() => []),
      |                                                                             ^
  283 |                         apiClient.getUsers().catch(() => []), apiClient.getAuditLogs(10000).catch(() => []), 
  284 |                         apiClient.getProjects().catch(() => []), apiClient.getInvoices().catch(() => [])
  285 |                     ]);
Next.js build worker exited with code: 1 and signal: null
